// Jest Snapshot v1, https://goo.gl/fbAQLP

exports[`test ActivityList component should render the component to match snapshot 1`] = `undefined`;
